// Jest Snapshot v1, https://goo.gl/fbAQLP

exports[`App component renders an App 1`] = `
<BrowserRouter>
  <Switch>
    <Route
      component={
        Object {
          "$$typeof": Symbol(react.memo),
          "WrappedComponent": [Function],
          "compare": null,
          "displayName": "Connect(AllCharacters)",
          "type": [Function],
        }
      }
      exact={true}
      path="/redux-avatar-promise"
    />
    <Route
      component={
        Object {
          "$$typeof": Symbol(react.memo),
          "WrappedComponent": [Function],
          "compare": null,
          "displayName": "Connect(CharacterById)",
          "type": [Function],
        }
      }
      path="redux-avatar-promise/:id"
    />
  </Switch>
</BrowserRouter>
`;
